[Mon Mar 16 16:52:10 2026] PHP 8.3.6 Development Server (http://localhost:8000) started
[Mon Mar 16 16:52:51 2026] [::1]:33218 Accepted
[Mon Mar 16 16:52:51 2026] PHP Fatal error:  Uncaught mysqli_sql_exception: No such file or directory in /app/public_html/conection.php:13
Stack trace:
#0 /app/public_html/conection.php(13): mysqli_connect()
#1 /app/public_html/index.php(2): include('...')
#2 {main}
  thrown in /app/public_html/conection.php on line 13
[Mon Mar 16 16:52:51 2026] [::1]:33218 [500]: GET /index.php - Uncaught mysqli_sql_exception: No such file or directory in /app/public_html/conection.php:13
Stack trace:
#0 /app/public_html/conection.php(13): mysqli_connect()
#1 /app/public_html/index.php(2): include('...')
#2 {main}
  thrown in /app/public_html/conection.php on line 13
[Mon Mar 16 16:52:51 2026] [::1]:33218 Closing
[Mon Mar 16 16:53:06 2026] [::1]:36800 Accepted
[Mon Mar 16 16:53:06 2026] PHP Fatal error:  Uncaught mysqli_sql_exception: No such file or directory in /app/public_html/conection.php:13
Stack trace:
#0 /app/public_html/conection.php(13): mysqli_connect()
#1 /app/public_html/index.php(2): include('...')
#2 {main}
  thrown in /app/public_html/conection.php on line 13
[Mon Mar 16 16:53:06 2026] [::1]:36800 [500]: HEAD /index.php - Uncaught mysqli_sql_exception: No such file or directory in /app/public_html/conection.php:13
Stack trace:
#0 /app/public_html/conection.php(13): mysqli_connect()
#1 /app/public_html/index.php(2): include('...')
#2 {main}
  thrown in /app/public_html/conection.php on line 13
[Mon Mar 16 16:53:06 2026] [::1]:36800 Closing
[Mon Mar 16 16:53:36 2026] [::1]:36804 Accepted
[Mon Mar 16 16:53:36 2026] PHP Fatal error:  Uncaught mysqli_sql_exception: No such file or directory in /app/public_html/conection.php:13
Stack trace:
#0 /app/public_html/conection.php(13): mysqli_connect()
#1 /app/public_html/index.php(2): include('...')
#2 {main}
  thrown in /app/public_html/conection.php on line 13
[Mon Mar 16 16:53:36 2026] [::1]:36804 [500]: GET /index.php - Uncaught mysqli_sql_exception: No such file or directory in /app/public_html/conection.php:13
Stack trace:
#0 /app/public_html/conection.php(13): mysqli_connect()
#1 /app/public_html/index.php(2): include('...')
#2 {main}
  thrown in /app/public_html/conection.php on line 13
[Mon Mar 16 16:53:36 2026] [::1]:36804 Closing
[Mon Mar 16 16:53:57 2026] [::1]:58042 Accepted
[Mon Mar 16 16:53:57 2026] PHP Fatal error:  Uncaught mysqli_sql_exception: No such file or directory in /app/public_html/conection.php:13
Stack trace:
#0 /app/public_html/conection.php(13): mysqli_connect()
#1 /app/public_html/index.php(2): include('...')
#2 {main}
  thrown in /app/public_html/conection.php on line 13
[Mon Mar 16 16:53:57 2026] [::1]:58042 [500]: GET /index.php - Uncaught mysqli_sql_exception: No such file or directory in /app/public_html/conection.php:13
Stack trace:
#0 /app/public_html/conection.php(13): mysqli_connect()
#1 /app/public_html/index.php(2): include('...')
#2 {main}
  thrown in /app/public_html/conection.php on line 13
[Mon Mar 16 16:53:57 2026] [::1]:58042 Closing
[Mon Mar 16 16:54:41 2026] [::1]:33102 Accepted
[Mon Mar 16 16:54:41 2026] PHP Fatal error:  Uncaught TypeError: mysqli_query(): Argument #1 ($mysql) must be of type mysqli, null given in /app/public_html/index.php:438
Stack trace:
#0 /app/public_html/index.php(438): mysqli_query()
#1 {main}
  thrown in /app/public_html/index.php on line 438
[Mon Mar 16 16:54:41 2026] [::1]:33102 [200]: GET /index.php - Uncaught TypeError: mysqli_query(): Argument #1 ($mysql) must be of type mysqli, null given in /app/public_html/index.php:438
Stack trace:
#0 /app/public_html/index.php(438): mysqli_query()
#1 {main}
  thrown in /app/public_html/index.php on line 438
[Mon Mar 16 16:54:41 2026] [::1]:33102 Closing
[Mon Mar 16 16:54:41 2026] [::1]:33110 Accepted
[Mon Mar 16 16:54:41 2026] [::1]:33120 Accepted
[Mon Mar 16 16:54:41 2026] [::1]:33110 [200]: GET /styles/bootstrap4/bootstrap.min.css
[Mon Mar 16 16:54:41 2026] [::1]:33120 [200]: GET /plugins/font-awesome-4.7.0/css/font-awesome.min.css
[Mon Mar 16 16:54:41 2026] [::1]:33110 Closing
[Mon Mar 16 16:54:41 2026] [::1]:33120 Closing
[Mon Mar 16 16:54:41 2026] [::1]:33136 Accepted
[Mon Mar 16 16:54:41 2026] [::1]:33146 Accepted
[Mon Mar 16 16:54:41 2026] [::1]:33154 Accepted
[Mon Mar 16 16:54:41 2026] [::1]:33166 Accepted
[Mon Mar 16 16:54:41 2026] [::1]:33176 Accepted
[Mon Mar 16 16:54:41 2026] [::1]:33190 Accepted
[Mon Mar 16 16:54:41 2026] [::1]:33136 [200]: GET /plugins/OwlCarousel2-2.2.1/owl.carousel.css
[Mon Mar 16 16:54:41 2026] [::1]:33146 [200]: GET /plugins/OwlCarousel2-2.2.1/owl.theme.default.css
[Mon Mar 16 16:54:41 2026] [::1]:33154 [200]: GET /plugins/OwlCarousel2-2.2.1/animate.css
[Mon Mar 16 16:54:41 2026] [::1]:33166 [200]: GET /plugins/colorbox/colorbox.css
[Mon Mar 16 16:54:41 2026] [::1]:33176 [200]: GET /styles/main_styles.css
[Mon Mar 16 16:54:41 2026] [::1]:33136 Closing
[Mon Mar 16 16:54:41 2026] [::1]:33146 Closing
[Mon Mar 16 16:54:41 2026] [::1]:33154 Closing
[Mon Mar 16 16:54:41 2026] [::1]:33166 Closing
[Mon Mar 16 16:54:41 2026] [::1]:33176 Closing
[Mon Mar 16 16:54:41 2026] [::1]:33196 Accepted
[Mon Mar 16 16:54:41 2026] [::1]:33190 [200]: GET /styles/responsive.css
[Mon Mar 16 16:54:41 2026] [::1]:33190 Closing
[Mon Mar 16 16:54:41 2026] [::1]:33196 [200]: GET /assets/libs/alertify/css/alertify.css
[Mon Mar 16 16:54:41 2026] [::1]:33196 Closing
[Mon Mar 16 16:54:41 2026] [::1]:33200 Accepted
[Mon Mar 16 16:54:41 2026] [::1]:33208 Accepted
[Mon Mar 16 16:54:41 2026] [::1]:33200 [200]: GET /images/logo-copaups-top.webp
[Mon Mar 16 16:54:41 2026] [::1]:33208 [200]: GET /images/LOGONUEVO.png
[Mon Mar 16 16:54:41 2026] [::1]:33200 Closing
[Mon Mar 16 16:54:41 2026] [::1]:33208 Closing
[Mon Mar 16 16:54:41 2026] [::1]:33214 Accepted
[Mon Mar 16 16:54:41 2026] [::1]:33228 Accepted
[Mon Mar 16 16:54:41 2026] [::1]:33214 [200]: GET /images/logocopaups.png
[Mon Mar 16 16:54:41 2026] [::1]:33214 Closing
[Mon Mar 16 16:54:41 2026] [::1]:33228 [200]: GET /images/arrow_r.png
[Mon Mar 16 16:54:41 2026] [::1]:33228 Closing
[Mon Mar 16 16:54:41 2026] [::1]:33236 Accepted
[Mon Mar 16 16:54:41 2026] [::1]:33252 Accepted
[Mon Mar 16 16:54:41 2026] [::1]:33236 [200]: GET /plugins/font-awesome-4.7.0/fonts/fontawesome-webfont.woff2?v=4.7.0
[Mon Mar 16 16:54:41 2026] [::1]:33252 [200]: GET /fonts/lucida_bright_regular.ttf
[Mon Mar 16 16:54:41 2026] [::1]:33236 Closing
[Mon Mar 16 16:54:41 2026] [::1]:33252 Closing
[Mon Mar 16 16:55:08 2026] [::1]:55978 Accepted
[Mon Mar 16 16:55:08 2026] [::1]:55978 [200]: GET /admin/index.php
[Mon Mar 16 16:55:08 2026] [::1]:55978 Closing
[Mon Mar 16 16:55:08 2026] [::1]:55986 Accepted
[Mon Mar 16 16:55:08 2026] [::1]:55992 Accepted
[Mon Mar 16 16:55:08 2026] [::1]:55994 Accepted
[Mon Mar 16 16:55:08 2026] [::1]:55998 Accepted
[Mon Mar 16 16:55:08 2026] [::1]:56002 Accepted
[Mon Mar 16 16:55:08 2026] [::1]:56010 Accepted
[Mon Mar 16 16:55:08 2026] [::1]:55986 [200]: GET /admin/assets/libs/alertify/css/alertify.css
[Mon Mar 16 16:55:08 2026] [::1]:55992 [200]: GET /admin/styles/bootstrap4/bootstrap.min.css
[Mon Mar 16 16:55:08 2026] [::1]:55986 Closing
[Mon Mar 16 16:55:08 2026] [::1]:56012 Accepted
[Mon Mar 16 16:55:08 2026] [::1]:55992 Closing
[Mon Mar 16 16:55:08 2026] [::1]:55994 [200]: GET /admin/plugins/font-awesome-4.7.0/css/font-awesome.min.css
[Mon Mar 16 16:55:08 2026] [::1]:55994 Closing
[Mon Mar 16 16:55:08 2026] [::1]:56024 Accepted
[Mon Mar 16 16:55:08 2026] [::1]:56030 Accepted
[Mon Mar 16 16:55:08 2026] [::1]:55998 [200]: GET /admin/styles/checkout.css
[Mon Mar 16 16:55:08 2026] [::1]:56002 [200]: GET /admin/styles/checkout_responsive.css
[Mon Mar 16 16:55:08 2026] [::1]:55998 Closing
[Mon Mar 16 16:55:08 2026] [::1]:56002 Closing
[Mon Mar 16 16:55:08 2026] [::1]:56034 Accepted
[Mon Mar 16 16:55:08 2026] [::1]:56036 Accepted
[Mon Mar 16 16:55:08 2026] [::1]:56010 [200]: GET /fancybox/dist/jquery.fancybox.css
[Mon Mar 16 16:55:08 2026] [::1]:56010 Closing
[Mon Mar 16 16:55:08 2026] [::1]:56012 [200]: GET /admin/js/jquery-3.2.1.min.js
[Mon Mar 16 16:55:08 2026] [::1]:56024 [200]: GET /fancybox/dist/jquery.fancybox.js
[Mon Mar 16 16:55:08 2026] [::1]:56030 [200]: GET /admin/plugins/easing/easing.js
[Mon Mar 16 16:55:08 2026] [::1]:56034 [200]: GET /admin/assets/libs/alertify/alertify.js
[Mon Mar 16 16:55:08 2026] [::1]:56036 [200]: GET /admin/js/login.js
[Mon Mar 16 16:55:08 2026] [::1]:56012 Closing
[Mon Mar 16 16:55:08 2026] [::1]:56024 Closing
[Mon Mar 16 16:55:08 2026] [::1]:56030 Closing
[Mon Mar 16 16:55:08 2026] [::1]:56034 Closing
[Mon Mar 16 16:55:08 2026] [::1]:56036 Closing
[Mon Mar 16 16:55:09 2026] [::1]:47012 Accepted
[Mon Mar 16 16:55:09 2026] [::1]:47012 [200]: GET /admin/fonts/lucida_bright_regular.ttf
[Mon Mar 16 16:55:09 2026] [::1]:47012 Closing
